Archive member included because of file (symbol)

c:/program files/microchip/mplab c30/bin/bin/../../lib\libpic30-coff.a(crt1.o)
                              (_resetALT)
c:/program files/microchip/mplab c30/bin/bin/../../lib\libpic30-coff.a(crt0.o)
                              (_resetPRI)


Program Memory Usage

section                    address   length (PC units)   length (bytes) (dec)
-------                    -------   -----------------   --------------------
.reset                           0                 0x4             0x6  (6)
.ivt                           0x4                0xfc           0x17a  (378)
.aivt                        0x104                0xfc           0x17a  (378)
.text                        0x200                0xb0           0x108  (264)
.const                       0x2b0               0x4a4           0x6f6  (1782)
.text                        0x754              0x123a          0x1b57  (6999)
.text                       0x198e               0xaf8          0x1074  (4212)
.text                       0x2486               0x85a           0xc87  (3207)
.text                       0x2ce0               0x32c           0x4c2  (1218)
.text                       0x300c               0x2d6           0x441  (1089)
.dinit                      0x32e2               0x27c           0x3ba  (954)
.text                       0x355e               0x204           0x306  (774)
.text                       0x3762               0x1ce           0x2b5  (693)
.text                       0x3930               0x1c6           0x2a9  (681)
.text                       0x3af6               0x1ae           0x285  (645)
.text                       0x3ca4               0x186           0x249  (585)
.text                       0x3e2a               0x16c           0x222  (546)
.text                       0x3f96               0x168           0x21c  (540)
.text                       0x40fe               0x152           0x1fb  (507)
.text                       0x4250                0xfa           0x177  (375)
.text                       0x434a                0xf6           0x171  (369)
.text                       0x4440                0xc0           0x120  (288)
.text                       0x4500                0x7a            0xb7  (183)
.text                       0x457a                0x64            0x96  (150)
.text                       0x45de                0x48            0x6c  (108)
.text                       0x4626                0x38            0x54  (84)
.text                       0x465e                0x32            0x4b  (75)
.isr                        0x4690                 0x2             0x3  (3)

                     Total program memory used (bytes):         0x69d5  (27093) 41%


Data Memory Usage

section                    address      alignment gaps    total length  (dec)
-------                    -------      --------------    -------------------
.nbss                        0x800                   0           0x108  (264)
.ndata                       0x908                   0           0x236  (566)
.nbss                        0xb3e                   0            0x72  (114)
.ndata                       0xbb0                   0            0x48  (72)
.nbss                        0xbf8                   0            0x3e  (62)
.ndata                       0xc36                   0            0x5c  (92)
.nbss                        0xc92                   0            0xb4  (180)
.ndata                       0xd46                   0             0xc  (12)
.nbss                        0xd52                   0            0x1e  (30)

                        Total data memory used (bytes):          0x570  (1392) 16%


Dynamic Memory Usage

region                     address                      maximum length  (dec)
------                     -------                      ---------------------
heap                             0                                   0  (0)
stack                        0xd70                              0x1a90  (6800)

                        Maximum dynamic memory (bytes):         0x1a90  (6800)


External Symbols in Data Memory (by address):

                    0x08ed                  _AalNumKey
                    0x0908                  _MainMenu_States
                    0x0910                  _Main_Menu_Items
                    0x0918                  _IsolateMenu_States
                    0x091c                  _Isolate_Menu_Items
                    0x0920                  _Model_Menu_Items
                    0x0924                  _SettingMenu_States
                    0x092a                  _Setting_Menu_Items
                    0x0930                  _PswdLogoMenu_States
                    0x0934                  _PswdLogo_Menu_Items
                    0x0938                  _MenuArr
                    0x09c4                  _ZoneChar
[...]
Memory Configuration

Name             Origin             Length             Attributes
data             0x000800           0x002000           a !xr
reset            0x000000           0x000004  
ivt              0x000004           0x0000fc  
aivt             0x000104           0x0000fc  
program          0x000200           0x00a9fc           xr
config2          0x00abfc           0x000002  
config1          0x00abfe           0x000002  
*default*        0x000000           0xffffffff  

Linker script and memory map

LOAD main.o
LOAD Keypad.o
LOAD Led.o
LOAD Buzzer.o
LOAD EEPROM.o
LOAD RTC.o
LOAD timer.o
LOAD TaskRateCounter.o
LOAD TaskList.o
LOAD IO_Config.c.o
LOAD FaultCheck.o
LOAD spimpol.o
LOAD Popup.o
LOAD ZoneProcess.o
LOAD ProcessADC.o
LOAD ProcessRelays.o
LOAD SystemProcess.o
LOAD Menu.o
LOAD Lcd.o
LOAD spi2.o
LOAD HooterProcess.o
LOAD c:/program files/microchip/mplab c30/bin/bin/../../lib/PIC24F\libpPIC24Fxxx-coff.a
                    0xabfc                  __CONFIG2 = 0xabfc
                    0xabfe                  __CONFIG1 = 0xabfe
                    0x0004                  __IVT_BASE = 0x4
                    0x0104                  __AIVT_BASE = 0x104
                    0x0800                  __DATA_BASE = 0x800
                    0x0200                  __CODE_BASE = 0x200

.reset            0x000000          0x4
                  0x000000          0x2 SHORT 0x200 <code 337> (__reset)
                  0x000001          0x2 SHORT 0x4
                  0x000002          0x2 SHORT 0x0 ((<code 337> (__reset) >> 0x10) & 0x7f)
                  0x000003          0x2 SHORT 0x0

.text             0x000200         0xb0
 *(.init)
 .init            0x000200         0x88 c:/program files/microchip/mplab c30/bin/bin/../../lib\libpic30-coff.a(crt0.o)
                  0x000200                  _resetPRI
                  0x000200                  _reset
                  0x00021e                  _psv_init
                  0x00022e                  _data_init
 *(.user_init)
 *(.handle)
 .handle          0x000288         0x28 jump_table
 *(.libc)
 *(.libm)
 *(.libdsp)
 *(.lib*)

__CONFIG2
 *(__CONFIG2.sec)

__CONFIG1
 *(__CONFIG1.sec)

.comment
 *(.comment)

.debug_info
 *(.debug_info)
 *(.gnu.linkonce.wi.*)

.debug_abbrev
 *(.debug_abbrev)

.debug_line
 *(.debug_line)

.debug_frame
 *(.debug_frame)

.debug_str
 *(.debug_str)

.debug_loc
 *(.debug_loc)

.debug_macinfo
 *(.debug_macinfo)

.debug_pubnames
 *(.debug_pubnames)

.debug_ranges
 *(.debug_ranges)

.debug_aranges
 *(.debug_aranges)

.ivt              0x000004         0xfc
                  0x000004          0x4 LONG 0x4690 DEFINED (__ReservedTrap0)?<code 337> (__ReservedTrap0):<code 337> (__DefaultInterrupt)
                  0x000006          0x4 LONG 0x4690 DEFINED (__OscillatorFail)?<code 337> (__OscillatorFail):<code 337> (__DefaultInterrupt)
                  0x000008          0x4 LONG 0x4690 DEFINED (__AddressError)?<code 337> (__AddressError):<code 337> (__DefaultInterrupt)
                  0x00000a          0x4 LONG 0x4690 DEFINED (__StackError)?<code 337> (__StackError):<code 337> (__DefaultInterrupt)
                  0x00000c          0x4 LONG 0x4690 DEFINED (__MathError)?<code 337> (__MathError):<code 337> (__DefaultInterrupt)
                  0x00000e          0x4 LONG 0x4690 DEFINED (__ReservedTrap5)?<code 337> (__ReservedTrap5):<code 337> (__DefaultInterrupt)
                  0x000010          0x4 LONG 0x4690 DEFINED (__ReservedTrap6)?<code 337> (__ReservedTrap6):<code 337> (__DefaultInterrupt)
                  0x000012          0x4 LONG 0x4690 DEFINED (__ReservedTrap7)?<code 337> (__ReservedTrap7):<code 337> (__DefaultInterrupt)
                  0x000014          0x4 LONG 0x4690 DEFINED (__INT0Interrupt)?<code 337> (__INT0Interrupt):<code 337> (__DefaultInterrupt)
                  0x000016          0x4 LONG 0x4690 DEFINED (__IC1Interrupt)?<code 337> (__IC1Interrupt):<code 337> (__DefaultInterrupt)
                  0x000018          0x4 LONG 0x4690 DEFINED (__OC1Interrupt)?<code 337> (__OC1Interrupt):<code 337> (__DefaultInterrupt)
                  0x00001a          0x4 LONG 0x4690 DEFINED (__T1Interrupt)?<code 337> (__T1Interrupt):<code 337> (__DefaultInterrupt)
                  0x00001c          0x4 LONG 0x4690 DEFINED (__Interrupt4)?<code 337> (__Interrupt4):<code 337> (__DefaultInterrupt)
                  0x00001e          0x4 LONG 0x4690 DEFINED (__IC2Interrupt)?<code 337> (__IC2Interrupt):<code 337> (__DefaultInterrupt)
                  0x000020          0x4 LONG 0x4690 DEFINED (__OC2Interrupt)?<code 337> (__OC2Interrupt):<code 337> (__DefaultInterrupt)
                  0x000022          0x4 LONG 0x403c DEFINED (__T2Interrupt)?<code 337> (__T2Interrupt):<code 337> (__DefaultInterrupt)
                  0x000024          0x4 LONG 0x405e DEFINED (__T3Interrupt)?<code 337> (__T3Interrupt):<code 337> (__DefaultInterrupt)
                  0x000026          0x4 LONG 0x4690 DEFINED (__SPI1ErrInterrupt)?<code 337> (__SPI1ErrInterrupt):<code 337> (__DefaultInterrupt)
                  0x000028          0x4 LONG 0x4690 DEFINED (__SPI1Interrupt)?<code 337> (__SPI1Interrupt):<code 337> (__DefaultInterrupt)
                  0x00002a          0x4 LONG 0x4690 DEFINED (__U1RXInterrupt)?<code 337> (__U1RXInterrupt):<code 337> (__DefaultInterrupt)
                  0x00002c          0x4 LONG 0x4690 DEFINED (__U1TXInterrupt)?<code 337> (__U1TXInterrupt):<code 337> (__DefaultInterrupt)
                  0x00002e          0x4 LONG 0x4690 DEFINED (__ADC1Interrupt)?<code 337> (__ADC1Interrupt):<code 337> (__DefaultInterrupt)
                  0x000030          0x4 LONG 0x4690 DEFINED (__Interrupt14)?<code 337> (__Interrupt14):<code 337> (__DefaultInterrupt)
                  0x000032          0x4 LONG 0x4690 DEFINED (__Interrupt15)?<code 337> (__Interrupt15):<code 337> (__DefaultInterrupt)
                  0x000034          0x4 LONG 0x4690 DEFINED (__SI2C1Interrupt)?<code 337> (__SI2C1Interrupt):<code 337> (__DefaultInterrupt)
                  0x000036          0x4 LONG 0x4690 DEFINED (__MI2C1Interrupt)?<code 337> (__MI2C1Interrupt):<code 337> (__DefaultInterrupt)
                  0x000038          0x4 LONG 0x4690 DEFINED (__CompInterrupt)?<code 337> (__CompInterrupt):<code 337> (__DefaultInterrupt)
                  0x00003a          0x4 LONG 0x4690 DEFINED (__CNInterrupt)?<code 337> (__CNInterrupt):<code 337> (__DefaultInterrupt)
                  0x00003c          0x4 LONG 0x4690 DEFINED (__INT1Interrupt)?<code 337> (__INT1Interrupt):<code 337> (__DefaultInterrupt)
                  0x00003e          0x4 LONG 0x4690 DEFINED (__Interrupt21)?<code 337> (__Interrupt21):<code 337> (__DefaultInterrupt)
                  0x000040          0x4 LONG 0x4690 DEFINED (__Interrupt22)?<code 337> (__Interrupt22):<code 337> (__DefaultInterrupt)
                  0x000042          0x4 LONG 0x4690 DEFINED (__Interrupt23)?<code 337> (__Interrupt23):<code 337> (__DefaultInterrupt)
                  0x000044          0x4 LONG 0x4690 DEFINED (__Interrupt24)?<code 337> (__Interrupt24):<code 337> (__DefaultInterrupt)
                  0x000046          0x4 LONG 0x4690 DEFINED (__OC3Interrupt)?<code 337> (__OC3Interrupt):<code 337> (__DefaultInterrupt)
                  0x000048          0x4 LONG 0x4690 DEFINED (__OC4Interrupt)?<code 337> (__OC4Interrupt):<code 337> (__DefaultInterrupt)
                  0x00004a          0x4 LONG 0x4080 DEFINED (__T4Interrupt)?<code 337> (__T4Interrupt):<code 337> (__DefaultInterrupt)
                  0x00004c          0x4 LONG 0x4690 DEFINED (__T5Interrupt)?<code 337> (__T5Interrupt):<code 337> (__DefaultInterrupt)
                  0x00004e          0x4 LONG 0x4690 DEFINED (__INT2Interrupt)?<code 337> (__INT2Interrupt):<code 337> (__DefaultInterrupt)
                  0x000050          0x4 LONG 0x4690 DEFINED (__U2RXInterrupt)?<code 337> (__U2RXInterrupt):<code 337> (__DefaultInterrupt)
                  0x000052          0x4 LONG 0x4690 DEFINED (__U2TXInterrupt)?<code 337> (__U2TXInterrupt):<code 337> (__DefaultInterrupt)
                  0x000054          0x4 LONG 0x4690 DEFINED (__SPI2ErrInterrupt)?<code 337> (__SPI2ErrInterrupt):<code 337> (__DefaultInterrupt)
                  0x000056          0x4 LONG 0x4688 DEFINED (__SPI2Interrupt)?<code 337> (__SPI2Interrupt):<code 337> (__DefaultInterrupt)
                  0x000058          0x4 LONG 0x4690 DEFINED (__Interrupt34)?<code 337> (__Interrupt34):<code 337> (__DefaultInterrupt)
                  0x00005a          0x4 LONG 0x4690 DEFINED (__Interrupt35)?<code 337> (__Interrupt35):<code 337> (__DefaultInterrupt)
                  0x00005c          0x4 LONG 0x4690 DEFINED (__Interrupt36)?<code 337> (__Interrupt36):<code 337> (__DefaultInterrupt)
                  0x00005e          0x4 LONG 0x4690 DEFINED (__IC3Interrupt)?<code 337> (__IC3Interrupt):<code 337> (__DefaultInterrupt)
                  0x000060          0x4 LONG 0x4690 DEFINED (__IC4Interrupt)?<code 337> (__IC4Interrupt):<code 337> (__DefaultInterrupt)
                  0x000062          0x4 LONG 0x4690 DEFINED (__IC5Interrupt)?<code 337> (__IC5Interrupt):<code 337> (__DefaultInterrupt)
                  0x000064          0x4 LONG 0x4690 DEFINED (__Interrupt40)?<code 337> (__Interrupt40):<code 337> (__DefaultInterrupt)
                  0x000066          0x4 LONG 0x4690 DEFINED (__OC5Interrupt)?<code 337> (__OC5Interrupt):<code 337> (__DefaultInterrupt)
                  0x000068          0x4 LONG 0x4690 DEFINED (__Interrupt42)?<code 337> (__Interrupt42):<code 337> (__DefaultInterrupt)
                  0x00006a          0x4 LONG 0x4690 DEFINED (__Interrupt43)?<code 337> (__Interrupt43):<code 337> (__DefaultInterrupt)
                  0x00006c          0x4 LONG 0x4690 DEFINED (__Interrupt44)?<code 337> (__Interrupt44):<code 337> (__DefaultInterrupt)
                  0x00006e          0x4 LONG 0x4690 DEFINED (__PMPInterrupt)?<code 337> (__PMPInterrupt):<code 337> (__DefaultInterrupt)
                  0x000070          0x4 LONG 0x4690 DEFINED (__Interrupt46)?<code 337> (__Interrupt46):<code 337> (__DefaultInterrupt)
                  0x000072          0x4 LONG 0x4690 DEFINED (__Interrupt47)?<code 337> (__Interrupt47):<code 337> (__DefaultInterrupt)
                  0x000074          0x4 LONG 0x4690 DEFINED (__Interrupt48)?<code 337> (__Interrupt48):<code 337> (__DefaultInterrupt)
                  0x000076          0x4 LONG 0x4690 DEFINED (__SI2C2Interrupt)?<code 337> (__SI2C2Interrupt):<code 337> (__DefaultInterrupt)
                  0x000078          0x4 LONG 0x4690 DEFINED (__MI2C2Interrupt)?<code 337> (__MI2C2Interrupt):<code 337> (__DefaultInterrupt)
                  0x00007a          0x4 LONG 0x4690 DEFINED (__Interrupt51)?<code 337> (__Interrupt51):<code 337> (__DefaultInterrupt)
                  0x00007c          0x4 LONG 0x4690 DEFINED (__Interrupt52)?<code 337> (__Interrupt52):<code 337> (__DefaultInterrupt)
                  0x00007e          0x4 LONG 0x4690 DEFINED (__INT3Interrupt)?<code 337> (__INT3Interrupt):<code 337> (__DefaultInterrupt)
                  0x000080          0x4 LONG 0x4690 DEFINED (__INT4Interrupt)?<code 337> (__INT4Interrupt):<code 337> (__DefaultInterrupt)
                  0x000082          0x4 LONG 0x4690 DEFINED (__Interrupt55)?<code 337> (__Interrupt55):<code 337> (__DefaultInterrupt)
                  0x000084          0x4 LONG 0x4690 DEFINED (__Interrupt56)?<code 337> (__Interrupt56):<code 337> (__DefaultInterrupt)
                  0x000086          0x4 LONG 0x4690 DEFINED (__Interrupt57)?<code 337> (__Interrupt57):<code 337> (__DefaultInterrupt)
                  0x000088          0x4 LONG 0x4690 DEFINED (__Interrupt58)?<code 337> (__Interrupt58):<code 337> (__DefaultInterrupt)
                  0x00008a          0x4 LONG 0x4690 DEFINED (__Interrupt59)?<code 337> (__Interrupt59):<code 337> (__DefaultInterrupt)
                  0x00008c          0x4 LONG 0x4690 DEFINED (__Interrupt60)?<code 337> (__Interrupt60):<code 337> (__DefaultInterrupt)
                  0x00008e          0x4 LONG 0x4690 DEFINED (__Interrupt61)?<code 337> (__Interrupt61):<code 337> (__DefaultInterrupt)
                  0x000090          0x4 LONG 0x4690 DEFINED (__RTCCInterrupt)?<code 337> (__RTCCInterrupt):<code 337> (__DefaultInterrupt)
                  0x000092          0x4 LONG 0x4690 DEFINED (__Interrupt63)?<code 337> (__Interrupt63):<code 337> (__DefaultInterrupt)
                  0x000094          0x4 LONG 0x4690 DEFINED (__Interrupt64)?<code 337> (__Interrupt64):<code 337> (__DefaultInterrupt)
                  0x000096          0x4 LONG 0x4690 DEFINED (__U1ErrInterrupt)?<code 337> (__U1ErrInterrupt):<code 337> (__DefaultInterrupt)
                  0x000098          0x4 LONG 0x4690 DEFINED (__U2ErrInterrupt)?<code 337> (__U2ErrInterrupt):<code 337> (__DefaultInterrupt)
                  0x00009a          0x4 LONG 0x4690 DEFINED (__CRCInterrupt)?<code 337> (__CRCInterrupt):<code 337> (__DefaultInterrupt)
                  0x00009c          0x4 LONG 0x4690 DEFINED (__Interrupt68)?<code 337> (__Interrupt68):<code 337> (__DefaultInterrupt)
                  0x00009e          0x4 LONG 0x4690 DEFINED (__Interrupt69)?<code 337> (__Interrupt69):<code 337> (__DefaultInterrupt)
                  0x0000a0          0x4 LONG 0x4690 DEFINED (__Interrupt70)?<code 337> (__Interrupt70):<code 337> (__DefaultInterrupt)
                  0x0000a2          0x4 LONG 0x4690 DEFINED (__Interrupt71)?<code 337> (__Interrupt71):<code 337> (__DefaultInterrupt)
                  0x0000a4          0x4 LONG 0x4690 DEFINED (__Interrupt72)?<code 337> (__Interrupt72):<code 337> (__DefaultInterrupt)
                  0x0000a6          0x4 LONG 0x4690 DEFINED (__Interrupt73)?<code 337> (__Interrupt73):<code 337> (__DefaultInterrupt)
                  0x0000a8          0x4 LONG 0x4690 DEFINED (__Interrupt74)?<code 337> (__Interrupt74):<code 337> (__DefaultInterrupt)
                  0x0000aa          0x4 LONG 0x4690 DEFINED (__Interrupt75)?<code 337> (__Interrupt75):<code 337> (__DefaultInterrupt)
                  0x0000ac          0x4 LONG 0x4690 DEFINED (__Interrupt76)?<code 337> (__Interrupt76):<code 337> (__DefaultInterrupt)
                  0x0000ae          0x4 LONG 0x4690 DEFINED (__Interrupt77)?<code 337> (__Interrupt77):<code 337> (__DefaultInterrupt)
                  0x0000b0          0x4 LONG 0x4690 DEFINED (__Interrupt78)?<code 337> (__Interrupt78):<code 337> (__DefaultInterrupt)
                  0x0000b2          0x4 LONG 0x4690 DEFINED (__Interrupt79)?<code 337> (__Interrupt79):<code 337> (__DefaultInterrupt)
                  0x0000b4          0x4 LONG 0x4690 DEFINED (__Interrupt80)?<code 337> (__Interrupt80):<code 337> (__DefaultInterrupt)
                  0x0000b6          0x4 LONG 0x4690 DEFINED (__Interrupt81)?<code 337> (__Interrupt81):<code 337> (__DefaultInterrupt)
                  0x0000b8          0x4 LONG 0x4690 DEFINED (__Interrupt82)?<code 337> (__Interrupt82):<code 337> (__DefaultInterrupt)
                  0x0000ba          0x4 LONG 0x4690 DEFINED (__Interrupt83)?<code 337> (__Interrupt83):<code 337> (__DefaultInterrupt)
                  0x0000bc          0x4 LONG 0x4690 DEFINED (__Interrupt84)?<code 337> (__Interrupt84):<code 337> (__DefaultInterrupt)
                  0x0000be          0x4 LONG 0x4690 DEFINED (__Interrupt85)?<code 337> (__Interrupt85):<code 337> (__DefaultInterrupt)
                  0x0000c0          0x4 LONG 0x4690 DEFINED (__Interrupt86)?<code 337> (__Interrupt86):<code 337> (__DefaultInterrupt)
                  0x0000c2          0x4 LONG 0x4690 DEFINED (__Interrupt87)?<code 337> (__Interrupt87):<code 337> (__DefaultInterrupt)
                  0x0000c4          0x4 LONG 0x4690 DEFINED (__Interrupt88)?<code 337> (__Interrupt88):<code 337> (__DefaultInterrupt)
                  0x0000c6          0x4 LONG 0x4690 DEFINED (__Interrupt89)?<code 337> (__Interrupt89):<code 337> (__DefaultInterrupt)
                  0x0000c8          0x4 LONG 0x4690 DEFINED (__Interrupt90)?<code 337> (__Interrupt90):<code 337> (__DefaultInterrupt)
                  0x0000ca          0x4 LONG 0x4690 DEFINED (__Interrupt91)?<code 337> (__Interrupt91):<code 337> (__DefaultInterrupt)
                  0x0000cc          0x4 LONG 0x4690 DEFINED (__Interrupt92)?<code 337> (__Interrupt92):<code 337> (__DefaultInterrupt)
                  0x0000ce          0x4 LONG 0x4690 DEFINED (__Interrupt93)?<code 337> (__Interrupt93):<code 337> (__DefaultInterrupt)
                  0x0000d0          0x4 LONG 0x4690 DEFINED (__Interrupt94)?<code 337> (__Interrupt94):<code 337> (__DefaultInterrupt)
                  0x0000d2          0x4 LONG 0x4690 DEFINED (__Interrupt95)?<code 337> (__Interrupt95):<code 337> (__DefaultInterrupt)
                  0x0000d4          0x4 LONG 0x4690 DEFINED (__Interrupt96)?<code 337> (__Interrupt96):<code 337> (__DefaultInterrupt)
                  0x0000d6          0x4 LONG 0x4690 DEFINED (__Interrupt97)?<code 337> (__Interrupt97):<code 337> (__DefaultInterrupt)
                  0x0000d8          0x4 LONG 0x4690 DEFINED (__Interrupt98)?<code 337> (__Interrupt98):<code 337> (__DefaultInterrupt)
                  0x0000da          0x4 LONG 0x4690 DEFINED (__Interrupt99)?<code 337> (__Interrupt99):<code 337> (__DefaultInterrupt)
                  0x0000dc          0x4 LONG 0x4690 DEFINED (__Interrupt100)?<code 337> (__Interrupt100):<code 337> (__DefaultInterrupt)
                  0x0000de          0x4 LONG 0x4690 DEFINED (__Interrupt101)?<code 337> (__Interrupt101):<code 337> (__DefaultInterrupt)
                  0x0000e0          0x4 LONG 0x4690 DEFINED (__Interrupt102)?<code 337> (__Interrupt102):<code 337> (__DefaultInterrupt)
                  0x0000e2          0x4 LONG 0x4690 DEFINED (__Interrupt103)?<code 337> (__Interrupt103):<code 337> (__DefaultInterrupt)
                  0x0000e4          0x4 LONG 0x4690 DEFINED (__Interrupt104)?<code 337> (__Interrupt104):<code 337> (__DefaultInterrupt)
                  0x0000e6          0x4 LONG 0x4690 DEFINED (__Interrupt105)?<code 337> (__Interrupt105):<code 337> (__DefaultInterrupt)
                  0x0000e8          0x4 LONG 0x4690 DEFINED (__Interrupt106)?<code 337> (__Interrupt106):<code 337> (__DefaultInterrupt)
                  0x0000ea          0x4 LONG 0x4690 DEFINED (__Interrupt107)?<code 337> (__Interrupt107):<code 337> (__DefaultInterrupt)
                  0x0000ec          0x4 LONG 0x4690 DEFINED (__Interrupt108)?<code 337> (__Interrupt108):<code 337> (__DefaultInterrupt)
                  0x0000ee          0x4 LONG 0x4690 DEFINED (__Interrupt109)?<code 337> (__Interrupt109):<code 337> (__DefaultInterrupt)
                  0x0000f0          0x4 LONG 0x4690 DEFINED (__Interrupt110)?<code 337> (__Interrupt110):<code 337> (__DefaultInterrupt)
                  0x0000f2          0x4 LONG 0x4690 DEFINED (__Interrupt111)?<code 337> (__Interrupt111):<code 337> (__DefaultInterrupt)
                  0x0000f4          0x4 LONG 0x4690 DEFINED (__Interrupt112)?<code 337> (__Interrupt112):<code 337> (__DefaultInterrupt)
                  0x0000f6          0x4 LONG 0x4690 DEFINED (__Interrupt113)?<code 337> (__Interrupt113):<code 337> (__DefaultInterrupt)
                  0x0000f8          0x4 LONG 0x4690 DEFINED (__Interrupt114)?<code 337> (__Interrupt114):<code 337> (__DefaultInterrupt)
                  0x0000fa          0x4 LONG 0x4690 DEFINED (__Interrupt115)?<code 337> (__Interrupt115):<code 337> (__DefaultInterrupt)
                  0x0000fc          0x4 LONG 0x4690 DEFINED (__Interrupt116)?<code 337> (__Interrupt116):<code 337> (__DefaultInterrupt)
                  0x0000fe          0x4 LONG 0x4690 DEFINED (__Interrupt117)?<code 337> (__Interrupt117):<code 337> (__DefaultInterrupt)

.aivt             0x000104         0xfc
                  0x000104          0x4 LONG 0x4690 DEFINED (__AltReservedTrap0)?<code 337> (__AltReservedTrap0):DEFINED (__ReservedTrap0)?<code 337> (__ReservedTrap0):<code 337> (__DefaultInterrupt)
                  0x000106          0x4 LONG 0x4690 DEFINED (__AltOscillatorFail)?<code 337> (__AltOscillatorFail):DEFINED (__OscillatorFail)?<code 337> (__OscillatorFail):<code 337> (__DefaultInterrupt)
                  0x000108          0x4 LONG 0x4690 DEFINED (__AltAddressError)?<code 337> (__AltAddressError):DEFINED (__AddressError)?<code 337> (__AddressError):<code 337> (__DefaultInterrupt)
                  0x00010a          0x4 LONG 0x4690 DEFINED (__AltStackError)?<code 337> (__AltStackError):DEFINED (__StackError)?<code 337> (__StackError):<code 337> (__DefaultInterrupt)
                  0x00010c          0x4 LONG 0x4690 DEFINED (__AltMathError)?<code 337> (__AltMathError):DEFINED (__MathError)?<code 337> (__MathError):<code 337> (__DefaultInterrupt)
                  0x00010e          0x4 LONG 0x4690 DEFINED (__AltReservedTrap5)?<code 337> (__AltReservedTrap5):DEFINED (__ReservedTrap5)?<code 337> (__ReservedTrap5):<code 337> (__DefaultInterrupt)
                  0x000110          0x4 LONG 0x4690 DEFINED (__AltReservedTrap6)?<code 337> (__AltReservedTrap6):DEFINED (__ReservedTrap6)?<code 337> (__ReservedTrap6):<code 337> (__DefaultInterrupt)
                  0x000112          0x4 LONG 0x4690 DEFINED (__AltReservedTrap7)?<code 337> (__AltReservedTrap7):DEFINED (__ReservedTrap7)?<code 337> (__ReservedTrap7):<code 337> (__DefaultInterrupt)
                  0x000114          0x4 LONG 0x4690 DEFINED (__AltINT0Interrupt)?<code 337> (__AltINT0Interrupt):DEFINED (__INT0Interrupt)?<code 337> (__INT0Interrupt):<code 337> (__DefaultInterrupt)
                  0x000116          0x4 LONG 0x4690 DEFINED (__AltIC1Interrupt)?<code 337> (__AltIC1Interrupt):DEFINED (__IC1Interrupt)?<code 337> (__IC1Interrupt):<code 337> (__DefaultInterrupt)
                  0x000118          0x4 LONG 0x4690 DEFINED (__AltOC1Interrupt)?<code 337> (__AltOC1Interrupt):DEFINED (__OC1Interrupt)?<code 337> (__OC1Interrupt):<code 337> (__DefaultInterrupt)
                  0x00011a          0x4 LONG 0x4690 DEFINED (__AltT1Interrupt)?<code 337> (__AltT1Interrupt):DEFINED (__T1Interrupt)?<code 337> (__T1Interrupt):<code 337> (__DefaultInterrupt)
                  0x00011c          0x4 LONG 0x4690 DEFINED (__AltInterrupt4)?<code 337> (__AltInterrupt4):DEFINED (__Interrupt4)?<code 337> (__Interrupt4):<code 337> (__DefaultInterrupt)
                  0x00011e          0x4 LONG 0x4690 DEFINED (__AltIC2Interrupt)?<code 337> (__AltIC2Interrupt):DEFINED (__IC2Interrupt)?<code 337> (__IC2Interrupt):<code 337> (__DefaultInterrupt)
                  0x000120          0x4 LONG 0x4690 DEFINED (__AltOC2Interrupt)?<code 337> (__AltOC2Interrupt):DEFINED (__OC2Interrupt)?<code 337> (__OC2Interrupt):<code 337> (__DefaultInterrupt)
                  0x000122          0x4 LONG 0x403c DEFINED (__AltT2Interrupt)?<code 337> (__AltT2Interrupt):DEFINED (__T2Interrupt)?<code 337> (__T2Interrupt):<code 337> (__DefaultInterrupt)
                  0x000124          0x4 LONG 0x405e DEFINED (__AltT3Interrupt)?<code 337> (__AltT3Interrupt):DEFINED (__T3Interrupt)?<code 337> (__T3Interrupt):<code 337> (__DefaultInterrupt)
                  0x000126          0x4 LONG 0x4690 DEFINED (__AltSPI1ErrInterrupt)?<code 337> (__AltSPI1ErrInterrupt):DEFINED (__SPI1ErrInterrupt)?<code 337> (__SPI1ErrInterrupt):<code 337> (__DefaultInterrupt)
                  0x000128          0x4 LONG 0x4690 DEFINED (__AltSPI1Interrupt)?<code 337> (__AltSPI1Interrupt):DEFINED (__SPI1Interrupt)?<code 337> (__SPI1Interrupt):<code 337> (__DefaultInterrupt)
                  0x00012a          0x4 LONG 0x4690 DEFINED (__AltU1RXInterrupt)?<code 337> (__AltU1RXInterrupt):DEFINED (__U1RXInterrupt)?<code 337> (__U1RXInterrupt):<code 337> (__DefaultInterrupt)
                  0x00012c          0x4 LONG 0x4690 DEFINED (__AltU1TXInterrupt)?<code 337> (__AltU1TXInterrupt):DEFINED (__U1TXInterrupt)?<code 337> (__U1TXInterrupt):<code 337> (__DefaultInterrupt)
                  0x00012e          0x4 LONG 0x4690 DEFINED (__AltADC1Interrupt)?<code 337> (__AltADC1Interrupt):DEFINED (__ADC1Interrupt)?<code 337> (__ADC1Interrupt):<code 337> (__DefaultInterrupt)
                  0x000130          0x4 LONG 0x4690 DEFINED (__AltInterrupt14)?<code 337> (__AltInterrupt14):DEFINED (__Interrupt14)?<code 337> (__Interrupt14):<code 337> (__DefaultInterrupt)
                  0x000132          0x4 LONG 0x4690 DEFINED (__AltInterrupt15)?<code 337> (__AltInterrupt15):DEFINED (__Interrupt15)?<code 337> (__Interrupt15):<code 337> (__DefaultInterrupt)
                  0x000134          0x4 LONG 0x4690 DEFINED (__AltSI2C1Interrupt)?<code 337> (__AltSI2C1Interrupt):DEFINED (__SI2C1Interrupt)?<code 337> (__SI2C1Interrupt):<code 337> (__DefaultInterrupt)
                  0x000136          0x4 LONG 0x4690 DEFINED (__AltMI2C1Interrupt)?<code 337> (__AltMI2C1Interrupt):DEFINED (__MI2C1Interrupt)?<code 337> (__MI2C1Interrupt):<code 337> (__DefaultInterrupt)
                  0x000138          0x4 LONG 0x4690 DEFINED (__AltCompInterrupt)?<code 337> (__AltCompInterrupt):DEFINED (__CompInterrupt)?<code 337> (__CompInterrupt):<code 337> (__DefaultInterrupt)
                  0x00013a          0x4 LONG 0x4690 DEFINED (__AltCNInterrupt)?<code 337> (__AltCNInterrupt):DEFINED (__CNInterrupt)?<code 337> (__CNInterrupt):<code 337> (__DefaultInterrupt)
                  0x00013c          0x4 LONG 0x4690 DEFINED (__AltINT1Interrupt)?<code 337> (__AltINT1Interrupt):DEFINED (__INT1Interrupt)?<code 337> (__INT1Interrupt):<code 337> (__DefaultInterrupt)
                  0x00013e          0x4 LONG 0x4690 DEFINED (__AltInterrupt21)?<code 337> (__AltInterrupt21):DEFINED (__Interrupt21)?<code 337> (__Interrupt21):<code 337> (__DefaultInterrupt)
                  0x000140          0x4 LONG 0x4690 DEFINED (__AltInterrupt22)?<code 337> (__AltInterrupt22):DEFINED (__Interrupt22)?<code 337> (__Interrupt22):<code 337> (__DefaultInterrupt)
                  0x000142          0x4 LONG 0x4690 DEFINED (__AltInterrupt23)?<code 337> (__AltInterrupt23):DEFINED (__Interrupt23)?<code 337> (__Interrupt23):<code 337> (__DefaultInterrupt)
                  0x000144          0x4 LONG 0x4690 DEFINED (__AltInterrupt24)?<code 337> (__AltInterrupt24):DEFINED (__Interrupt24)?<code 337> (__Interrupt24):<code 337> (__DefaultInterrupt)
                  0x000146          0x4 LONG 0x4690 DEFINED (__AltOC3Interrupt)?<code 337> (__AltOC3Interrupt):DEFINED (__OC3Interrupt)?<code 337> (__OC3Interrupt):<code 337> (__DefaultInterrupt)
                  0x000148          0x4 LONG 0x4690 DEFINED (__AltOC4Interrupt)?<code 337> (__AltOC4Interrupt):DEFINED (__OC4Interrupt)?<code 337> (__OC4Interrupt):<code 337> (__DefaultInterrupt)
                  0x00014a          0x4 LONG 0x4080 DEFINED (__AltT4Interrupt)?<code 337> (__AltT4Interrupt):DEFINED (__T4Interrupt)?<code 337> (__T4Interrupt):<code 337> (__DefaultInterrupt)
                  0x00014c          0x4 LONG 0x4690 DEFINED (__AltT5Interrupt)?<code 337> (__AltT5Interrupt):DEFINED (__T5Interrupt)?<code 337> (__T5Interrupt):<code 337> (__DefaultInterrupt)
                  0x00014e          0x4 LONG 0x4690 DEFINED (__AltINT2Interrupt)?<code 337> (__AltINT2Interrupt):DEFINED (__INT2Interrupt)?<code 337> (__INT2Interrupt):<code 337> (__DefaultInterrupt)
                  0x000150          0x4 LONG 0x4690 DEFINED (__AltU2RXInterrupt)?<code 337> (__AltU2RXInterrupt):DEFINED (__U2RXInterrupt)?<code 337> (__U2RXInterrupt):<code 337> (__DefaultInterrupt)
                  0x000152          0x4 LONG 0x4690 DEFINED (__AltU2TXInterrupt)?<code 337> (__AltU2TXInterrupt):DEFINED (__U2TXInterrupt)?<code 337> (__U2TXInterrupt):<code 337> (__DefaultInterrupt)
                  0x000154          0x4 LONG 0x4690 DEFINED (__AltSPI2ErrInterrupt)?<code 337> (__AltSPI2ErrInterrupt):DEFINED (__SPI2ErrInterrupt)?<code 337> (__SPI2ErrInterrupt):<code 337> (__DefaultInterrupt)
                  0x000156          0x4 LONG 0x4688 DEFINED (__AltSPI2Interrupt)?<code 337> (__AltSPI2Interrupt):DEFINED (__SPI2Interrupt)?<code 337> (__SPI2Interrupt):<code 337> (__DefaultInterrupt)
                  0x000158          0x4 LONG 0x4690 DEFINED (__AltInterrupt34)?<code 337> (__AltInterrupt34):DEFINED (__Interrupt34)?<code 337> (__Interrupt34):<code 337> (__DefaultInterrupt)
                  0x00015a          0x4 LONG 0x4690 DEFINED (__AltInterrupt35)?<code 337> (__AltInterrupt35):DEFINED (__Interrupt35)?<code 337> (__Interrupt35):<code 337> (__DefaultInterrupt)
                  0x00015c          0x4 LONG 0x4690 DEFINED (__AltInterrupt36)?<code 337> (__AltInterrupt36):DEFINED (__Interrupt36)?<code 337> (__Interrupt36):<code 337> (__DefaultInterrupt)
                  0x00015e          0x4 LONG 0x4690 DEFINED (__AltIC3Interrupt)?<code 337> (__AltIC3Interrupt):DEFINED (__IC3Interrupt)?<code 337> (__IC3Interrupt):<code 337> (__DefaultInterrupt)
                  0x000160          0x4 LONG 0x4690 DEFINED (__AltIC4Interrupt)?<code 337> (__AltIC4Interrupt):DEFINED (__IC4Interrupt)?<code 337> (__IC4Interrupt):<code 337> (__DefaultInterrupt)
                  0x000162          0x4 LONG 0x4690 DEFINED (__AltIC5Interrupt)?<code 337> (__AltIC5Interrupt):DEFINED (__IC5Interrupt)?<code 337> (__IC5Interrupt):<code 337> (__DefaultInterrupt)
                  0x000164          0x4 LONG 0x4690 DEFINED (__AltInterrupt40)?<code 337> (__AltInterrupt40):DEFINED (__Interrupt40)?<code 337> (__Interrupt40):<code 337> (__DefaultInterrupt)
                  0x000166          0x4 LONG 0x4690 DEFINED (__AltOC5Interrupt)?<code 337> (__AltOC5Interrupt):DEFINED (__OC5Interrupt)?<code 337> (__OC5Interrupt):<code 337> (__DefaultInterrupt)
                  0x000168          0x4 LONG 0x4690 DEFINED (__AltInterrupt42)?<code 337> (__AltInterrupt42):DEFINED (__Interrupt42)?<code 337> (__Interrupt42):<code 337> (__DefaultInterrupt)
                  0x00016a          0x4 LONG 0x4690 DEFINED (__AltInterrupt43)?<code 337> (__AltInterrupt43):DEFINED (__Interrupt43)?<code 337> (__Interrupt43):<code 337> (__DefaultInterrupt)
                  0x00016c          0x4 LONG 0x4690 DEFINED (__AltInterrupt44)?<code 337> (__AltInterrupt44):DEFINED (__Interrupt44)?<code 337> (__Interrupt44):<code 337> (__DefaultInterrupt)
                  0x00016e          0x4 LONG 0x4690 DEFINED (__AltPMPInterrupt)?<code 337> (__AltPMPInterrupt):DEFINED (__PMPInterrupt)?<code 337> (__PMPInterrupt):<code 337> (__DefaultInterrupt)
                  0x000170          0x4 LONG 0x4690 DEFINED (__AltInterrupt46)?<code 337> (__AltInterrupt46):DEFINED (__Interrupt46)?<code 337> (__Interrupt46):<code 337> (__DefaultInterrupt)
                  0x000172          0x4 LONG 0x4690 DEFINED (__AltInterrupt47)?<code 337> (__AltInterrupt47):DEFINED (__Interrupt47)?<code 337> (__Interrupt47):<code 337> (__DefaultInterrupt)
                  0x000174          0x4 LONG 0x4690 DEFINED (__AltInterrupt48)?<code 337> (__AltInterrupt48):DEFINED (__Interrupt48)?<code 337> (__Interrupt48):<code 337> (__DefaultInterrupt)
                  0x000176          0x4 LONG 0x4690 DEFINED (__AltSI2C2Interrupt)?<code 337> (__AltSI2C2Interrupt):DEFINED (__SI2C2Interrupt)?<code 337> (__SI2C2Interrupt):<code 337> (__DefaultInterrupt)
                  0x000178          0x4 LONG 0x4690 DEFINED (__AltMI2C2Interrupt)?<code 337> (__AltMI2C2Interrupt):DEFINED (__MI2C2Interrupt)?<code 337> (__MI2C2Interrupt):<code 337> (__DefaultInterrupt)
                  0x00017a          0x4 LONG 0x4690 DEFINED (__AltInterrupt51)?<code 337> (__AltInterrupt51):DEFINED (__Interrupt51)?<code 337> (__Interrupt51):<code 337> (__DefaultInterrupt)
                  0x00017c          0x4 LONG 0x4690 DEFINED (__AltInterrupt52)?<code 337> (__AltInterrupt52):DEFINED (__Interrupt52)?<code 337> (__Interrupt52):<code 337> (__DefaultInterrupt)
                  0x00017e          0x4 LONG 0x4690 DEFINED (__AltINT3Interrupt)?<code 337> (__AltINT3Interrupt):DEFINED (__INT3Interrupt)?<code 337> (__INT3Interrupt):<code 337> (__DefaultInterrupt)
                  0x000180          0x4 LONG 0x4690 DEFINED (__AltINT4Interrupt)?<code 337> (__AltINT4Interrupt):DEFINED (__INT4Interrupt)?<code 337> (__INT4Interrupt):<code 337> (__DefaultInterrupt)
                  0x000182          0x4 LONG 0x4690 DEFINED (__AltInterrupt55)?<code 337> (__AltInterrupt55):DEFINED (__Interrupt55)?<code 337> (__Interrupt55):<code 337> (__DefaultInterrupt)
                  0x000184          0x4 LONG 0x4690 DEFINED (__AltInterrupt56)?<code 337> (__AltInterrupt56):DEFINED (__Interrupt56)?<code 337> (__Interrupt56):<code 337> (__DefaultInterrupt)
                  0x000186          0x4 LONG 0x4690 DEFINED (__AltInterrupt57)?<code 337> (__AltInterrupt57):DEFINED (__Interrupt57)?<code 337> (__Interrupt57):<code 337> (__DefaultInterrupt)
                  0x000188          0x4 LONG 0x4690 DEFINED (__AltInterrupt58)?<code 337> (__AltInterrupt58):DEFINED (__Interrupt58)?<code 337> (__Interrupt58):<code 337> (__DefaultInterrupt)
                  0x00018a          0x4 LONG 0x4690 DEFINED (__AltInterrupt59)?<code 337> (__AltInterrupt59):DEFINED (__Interrupt59)?<code 337> (__Interrupt59):<code 337> (__DefaultInterrupt)
                  0x00018c          0x4 LONG 0x4690 DEFINED (__AltInterrupt60)?<code 337> (__AltInterrupt60):DEFINED (__Interrupt60)?<code 337> (__Interrupt60):<code 337> (__DefaultInterrupt)
                  0x00018e          0x4 LONG 0x4690 DEFINED (__AltInterrupt61)?<code 337> (__AltInterrupt61):DEFINED (__Interrupt61)?<code 337> (__Interrupt61):<code 337> (__DefaultInterrupt)
                  0x000190          0x4 LONG 0x4690 DEFINED (__AltRTCCInterrupt)?<code 337> (__AltRTCCInterrupt):DEFINED (__RTCCInterrupt)?<code 337> (__RTCCInterrupt):<code 337> (__DefaultInterrupt)
                  0x000192          0x4 LONG 0x4690 DEFINED (__AltInterrupt63)?<code 337> (__AltInterrupt63):DEFINED (__Interrupt63)?<code 337> (__Interrupt63):<code 337> (__DefaultInterrupt)
                  0x000194          0x4 LONG 0x4690 DEFINED (__AltInterrupt64)?<code 337> (__AltInterrupt64):DEFINED (__Interrupt64)?<code 337> (__Interrupt64):<code 337> (__DefaultInterrupt)
                  0x000196          0x4 LONG 0x4690 DEFINED (__AltU1ErrInterrupt)?<code 337> (__AltU1ErrInterrupt):DEFINED (__U1ErrInterrupt)?<code 337> (__U1ErrInterrupt):<code 337> (__DefaultInterrupt)
                  0x000198          0x4 LONG 0x4690 DEFINED (__AltU2ErrInterrupt)?<code 337> (__AltU2ErrInterrupt):DEFINED (__U2ErrInterrupt)?<code 337> (__U2ErrInterrupt):<code 337> (__DefaultInterrupt)
                  0x00019a          0x4 LONG 0x4690 DEFINED (__AltCRCInterrupt)?<code 337> (__AltCRCInterrupt):DEFINED (__CRCInterrupt)?<code 337> (__CRCInterrupt):<code 337> (__DefaultInterrupt)
                  0x00019c          0x4 LONG 0x4690 DEFINED (__AltInterrupt68)?<code 337> (__AltInterrupt68):DEFINED (__Interrupt68)?<code 337> (__Interrupt68):<code 337> (__DefaultInterrupt)
                  0x00019e          0x4 LONG 0x4690 DEFINED (__AltInterrupt69)?<code 337> (__AltInterrupt69):DEFINED (__Interrupt69)?<code 337> (__Interrupt69):<code 337> (__DefaultInterrupt)
                  0x0001a0          0x4 LONG 0x4690 DEFINED (__AltInterrupt70)?<code 337> (__AltInterrupt70):DEFINED (__Interrupt70)?<code 337> (__Interrupt70):<code 337> (__DefaultInterrupt)
                  0x0001a2          0x4 LONG 0x4690 DEFINED (__AltInterrupt71)?<code 337> (__AltInterrupt71):DEFINED (__Interrupt71)?<code 337> (__Interrupt71):<code 337> (__DefaultInterrupt)
                  0x0001a4          0x4 LONG 0x4690 DEFINED (__AltInterrupt72)?<code 337> (__AltInterrupt72):DEFINED (__Interrupt72)?<code 337> (__Interrupt72):<code 337> (__DefaultInterrupt)
                  0x0001a6          0x4 LONG 0x4690 DEFINED (__AltInterrupt73)?<code 337> (__AltInterrupt73):DEFINED (__Interrupt73)?<code 337> (__Interrupt73):<code 337> (__DefaultInterrupt)
                  0x0001a8          0x4 LONG 0x4690 DEFINED (__AltInterrupt74)?<code 337> (__AltInterrupt74):DEFINED (__Interrupt74)?<code 337> (__Interrupt74):<code 337> (__DefaultInterrupt)
                  0x0001aa          0x4 LONG 0x4690 DEFINED (__AltInterrupt75)?<code 337> (__AltInterrupt75):DEFINED (__Interrupt75)?<code 337> (__Interrupt75):<code 337> (__DefaultInterrupt)
                  0x0001ac          0x4 LONG 0x4690 DEFINED (__AltInterrupt76)?<code 337> (__AltInterrupt76):DEFINED (__Interrupt76)?<code 337> (__Interrupt76):<code 337> (__DefaultInterrupt)
                  0x0001ae          0x4 LONG 0x4690 DEFINED (__AltInterrupt77)?<code 337> (__AltInterrupt77):DEFINED (__Interrupt77)?<code 337> (__Interrupt77):<code 337> (__DefaultInterrupt)
                  0x0001b0          0x4 LONG 0x4690 DEFINED (__AltInterrupt78)?<code 337> (__AltInterrupt78):DEFINED (__Interrupt78)?<code 337> (__Interrupt78):<code 337> (__DefaultInterrupt)
                  0x0001b2          0x4 LONG 0x4690 DEFINED (__AltInterrupt79)?<code 337> (__AltInterrupt79):DEFINED (__Interrupt79)?<code 337> (__Interrupt79):<code 337> (__DefaultInterrupt)
                  0x0001b4          0x4 LONG 0x4690 DEFINED (__AltInterrupt80)?<code 337> (__AltInterrupt80):DEFINED (__Interrupt80)?<code 337> (__Interrupt80):<code 337> (__DefaultInterrupt)
                  0x0001b6          0x4 LONG 0x4690 DEFINED (__AltInterrupt81)?<code 337> (__AltInterrupt81):DEFINED (__Interrupt81)?<code 337> (__Interrupt81):<code 337> (__DefaultInterrupt)
                  0x0001b8          0x4 LONG 0x4690 DEFINED (__AltInterrupt82)?<code 337> (__AltInterrupt82):DEFINED (__Interrupt82)?<code 337> (__Interrupt82):<code 337> (__DefaultInterrupt)
                  0x0001ba          0x4 LONG 0x4690 DEFINED (__AltInterrupt83)?<code 337> (__AltInterrupt83):DEFINED (__Interrupt83)?<code 337> (__Interrupt83):<code 337> (__DefaultInterrupt)
                  0x0001bc          0x4 LONG 0x4690 DEFINED (__AltInterrupt84)?<code 337> (__AltInterrupt84):DEFINED (__Interrupt84)?<code 337> (__Interrupt84):<code 337> (__DefaultInterrupt)
                  0x0001be          0x4 LONG 0x4690 DEFINED (__AltInterrupt85)?<code 337> (__AltInterrupt85):DEFINED (__Interrupt85)?<code 337> (__Interrupt85):<code 337> (__DefaultInterrupt)
                  0x0001c0          0x4 LONG 0x4690 DEFINED (__AltInterrupt86)?<code 337> (__AltInterrupt86):DEFINED (__Interrupt86)?<code 337> (__Interrupt86):<code 337> (__DefaultInterrupt)
                  0x0001c2          0x4 LONG 0x4690 DEFINED (__AltInterrupt87)?<code 337> (__AltInterrupt87):DEFINED (__Interrupt87)?<code 337> (__Interrupt87):<code 337> (__DefaultInterrupt)
                  0x0001c4          0x4 LONG 0x4690 DEFINED (__AltInterrupt88)?<code 337> (__AltInterrupt88):DEFINED (__Interrupt88)?<code 337> (__Interrupt88):<code 337> (__DefaultInterrupt)
                  0x0001c6          0x4 LONG 0x4690 DEFINED (__AltInterrupt89)?<code 337> (__AltInterrupt89):DEFINED (__Interrupt89)?<code 337> (__Interrupt89):<code 337> (__DefaultInterrupt)
                  0x0001c8          0x4 LONG 0x4690 DEFINED (__AltInterrupt90)?<code 337> (__AltInterrupt90):DEFINED (__Interrupt90)?<code 337> (__Interrupt90):<code 337> (__DefaultInterrupt)
                  0x0001ca          0x4 LONG 0x4690 DEFINED (__AltInterrupt91)?<code 337> (__AltInterrupt91):DEFINED (__Interrupt91)?<code 337> (__Interrupt91):<code 337> (__DefaultInterrupt)
                  0x0001cc          0x4 LONG 0x4690 DEFINED (__AltInterrupt92)?<code 337> (__AltInterrupt92):DEFINED (__Interrupt92)?<code 337> (__Interrupt92):<code 337> (__DefaultInterrupt)
                  0x0001ce          0x4 LONG 0x4690 DEFINED (__AltInterrupt93)?<code 337> (__AltInterrupt93):DEFINED (__Interrupt93)?<code 337> (__Interrupt93):<code 337> (__DefaultInterrupt)
                  0x0001d0          0x4 LONG 0x4690 DEFINED (__AltInterrupt94)?<code 337> (__AltInterrupt94):DEFINED (__Interrupt94)?<code 337> (__Interrupt94):<code 337> (__DefaultInterrupt)
                  0x0001d2          0x4 LONG 0x4690 DEFINED (__AltInterrupt95)?<code 337> (__AltInterrupt95):DEFINED (__Interrupt95)?<code 337> (__Interrupt95):<code 337> (__DefaultInterrupt)
                  0x0001d4          0x4 LONG 0x4690 DEFINED (__AltInterrupt96)?<code 337> (__AltInterrupt96):DEFINED (__Interrupt96)?<code 337> (__Interrupt96):<code 337> (__DefaultInterrupt)
                  0x0001d6          0x4 LONG 0x4690 DEFINED (__AltInterrupt97)?<code 337> (__AltInterrupt97):DEFINED (__Interrupt97)?<code 337> (__Interrupt97):<code 337> (__DefaultInterrupt)
                  0x0001d8          0x4 LONG 0x4690 DEFINED (__AltInterrupt98)?<code 337> (__AltInterrupt98):DEFINED (__Interrupt98)?<code 337> (__Interrupt98):<code 337> (__DefaultInterrupt)
                  0x0001da          0x4 LONG 0x4690 DEFINED (__AltInterrupt99)?<code 337> (__AltInterrupt99):DEFINED (__Interrupt99)?<code 337> (__Interrupt99):<code 337> (__DefaultInterrupt)
                  0x0001dc          0x4 LONG 0x4690 DEFINED (__AltInterrupt100)?<code 337> (__AltInterrupt100):DEFINED (__Interrupt100)?<code 337> (__Interrupt100):<code 337> (__DefaultInterrupt)
                  0x0001de          0x4 LONG 0x4690 DEFINED (__AltInterrupt101)?<code 337> (__AltInterrupt101):DEFINED (__Interrupt101)?<code 337> (__Interrupt101):<code 337> (__DefaultInterrupt)
                  0x0001e0          0x4 LONG 0x4690 DEFINED (__AltInterrupt102)?<code 337> (__AltInterrupt102):DEFINED (__Interrupt102)?<code 337> (__Interrupt102):<code 337> (__DefaultInterrupt)
                  0x0001e2          0x4 LONG 0x4690 DEFINED (__AltInterrupt103)?<code 337> (__AltInterrupt103):DEFINED (__Interrupt103)?<code 337> (__Interrupt103):<code 337> (__DefaultInterrupt)
                  0x0001e4          0x4 LONG 0x4690 DEFINED (__AltInterrupt104)?<code 337> (__AltInterrupt104):DEFINED (__Interrupt104)?<code 337> (__Interrupt104):<code 337> (__DefaultInterrupt)
                  0x0001e6          0x4 LONG 0x4690 DEFINED (__AltInterrupt105)?<code 337> (__AltInterrupt105):DEFINED (__Interrupt105)?<code 337> (__Interrupt105):<code 337> (__DefaultInterrupt)
                  0x0001e8          0x4 LONG 0x4690 DEFINED (__AltInterrupt106)?<code 337> (__AltInterrupt106):DEFINED (__Interrupt106)?<code 337> (__Interrupt106):<code 337> (__DefaultInterrupt)
                  0x0001ea          0x4 LONG 0x4690 DEFINED (__AltInterrupt107)?<code 337> (__AltInterrupt107):DEFINED (__Interrupt107)?<code 337> (__Interrupt107):<code 337> (__DefaultInterrupt)
                  0x0001ec          0x4 LONG 0x4690 DEFINED (__AltInterrupt108)?<code 337> (__AltInterrupt108):DEFINED (__Interrupt108)?<code 337> (__Interrupt108):<code 337> (__DefaultInterrupt)
                  0x0001ee          0x4 LONG 0x4690 DEFINED (__AltInterrupt109)?<code 337> (__AltInterrupt109):DEFINED (__Interrupt109)?<code 337> (__Interrupt109):<code 337> (__DefaultInterrupt)
                  0x0001f0          0x4 LONG 0x4690 DEFINED (__AltInterrupt110)?<code 337> (__AltInterrupt110):DEFINED (__Interrupt110)?<code 337> (__Interrupt110):<code 337> (__DefaultInterrupt)
                  0x0001f2          0x4 LONG 0x4690 DEFINED (__AltInterrupt111)?<code 337> (__AltInterrupt111):DEFINED (__Interrupt111)?<code 337> (__Interrupt111):<code 337> (__DefaultInterrupt)
                  0x0001f4          0x4 LONG 0x4690 DEFINED (__AltInterrupt112)?<code 337> (__AltInterrupt112):DEFINED (__Interrupt112)?<code 337> (__Interrupt112):<code 337> (__DefaultInterrupt)
                  0x0001f6          0x4 LONG 0x4690 DEFINED (__AltInterrupt113)?<code 337> (__AltInterrupt113):DEFINED (__Interrupt113)?<code 337> (__Interrupt113):<code 337> (__DefaultInterrupt)
                  0x0001f8          0x4 LONG 0x4690 DEFINED (__AltInterrupt114)?<code 337> (__AltInterrupt114):DEFINED (__Interrupt114)?<code 337> (__Interrupt114):<code 337> (__DefaultInterrupt)
                  0x0001fa          0x4 LONG 0x4690 DEFINED (__AltInterrupt115)?<code 337> (__AltInterrupt115):DEFINED (__Interrupt115)?<code 337> (__Interrupt115):<code 337> (__DefaultInterrupt)
                  0x0001fc          0x4 LONG 0x4690 DEFINED (__AltInterrupt116)?<code 337> (__AltInterrupt116):DEFINED (__Interrupt116)?<code 337> (__Interrupt116):<code 337> (__DefaultInterrupt)
                  0x0001fe          0x4 LONG 0x4690 DEFINED (__AltInterrupt117)?<code 337> (__AltInterrupt117):DEFINED (__Interrupt117)?<code 337> (__Interrupt117):<code 337> (__DefaultInterrupt)
                    0x0000                  WREG0 = 0x0
                    0x0000                  _WREG0 = 0x0
                    0x0002                  WREG1 = 0x2
                    0x0002                  _WREG1 = 0x2
                    0x0004                  WREG2 = 0x4
                    0x0004                  _WREG2 = 0x4
                    0x0006                  WREG3 = 0x6
                    0x0006                  _WREG3 = 0x6
                    0x0008                  WREG4 = 0x8
                    0x0008                  _WREG4 = 0x8
                    0x000a                  WREG5 = 0xa
                    0x000a                  _WREG5 = 0xa
                    0x000c                  WREG6 = 0xc
                    0x000c                  _WREG6 = 0xc
                    0x000e                  WREG7 = 0xe
                    0x000e                  _WREG7 = 0xe
                    0x0010                  WREG8 = 0x10
                    0x0010                  _WREG8 = 0x10
                    0x0012                  WREG9 = 0x12
                    0x0012                  _WREG9 = 0x12
                    0x0014                  WREG10 = 0x14
                    0x0014                  _WREG10 = 0x14
                    0x0016                  WREG11 = 0x16
                    0x0016                  _WREG11 = 0x16
                    0x0018                  WREG12 = 0x18
                    0x0018                  _WREG12 = 0x18
                    0x001a                  WREG13 = 0x1a
                    0x001a                  _WREG13 = 0x1a
                    0x001c                  WREG14 = 0x1c
                    0x001c                  _WREG14 = 0x1c
                    0x001e                  WREG15 = 0x1e
                    0x001e                  _WREG15 = 0x1e
                    0x0020                  SPLIM = 0x20
                    0x0020                  _SPLIM = 0x20
                    0x002e                  PCL = 0x2e
                    0x002e                  _PCL = 0x2e
                    0x0030                  PCH = 0x30
                    0x0030                  _PCH = 0x30
                    0x0032                  TBLPAG = 0x32
                    0x0032                  _TBLPAG = 0x32
                    0x0034                  PSVPAG = 0x34
                    0x0034                  _PSVPAG = 0x34
                    0x0036                  RCOUNT = 0x36
                    0x0036                  _RCOUNT = 0x36
                    0x0042                  SR = 0x42
                    0x0042                  _SR = 0x42
                    0x0042                  _SRbits = 0x42
                    0x0044                  CORCON = 0x44
                    0x0044                  _CORCON = 0x44
                    0x0044                  _CORCONbits = 0x44
                    0x0052                  DISICNT = 0x52
                    0x0052                  _DISICNT = 0x52
                    0x0060                  CNEN1 = 0x60
                    0x0060                  _CNEN1 = 0x60
                    0x0060                  _CNEN1bits = 0x60
                    0x0062                  CNEN2 = 0x62
                    0x0062                  _CNEN2 = 0x62
                    0x0062                  _CNEN2bits = 0x62
                    0x0068                  CNPU1 = 0x68
                    0x0068                  _CNPU1 = 0x68
                    0x0068                  _CNPU1bits = 0x68
                    0x006a                  CNPU2 = 0x6a
                    0x006a                  _CNPU2 = 0x6a
                    0x006a                  _CNPU2bits = 0x6a
                    0x0080                  INTCON1 = 0x80
                    0x0080                  _INTCON1 = 0x80
                    0x0080                  _INTCON1bits = 0x80
                    0x0082                  INTCON2 = 0x82
                    0x0082                  _INTCON2 = 0x82
                    0x0082                  _INTCON2bits = 0x82
                    0x0084                  IFS0 = 0x84
                    0x0084                  _IFS0 = 0x84
                    0x0084                  _IFS0bits = 0x84
                    0x0086                  IFS1 = 0x86
                    0x0086                  _IFS1 = 0x86
                    0x0086                  _IFS1bits = 0x86
                    0x0088                  IFS2 = 0x88
                    0x0088                  _IFS2 = 0x88
                    0x0088                  _IFS2bits = 0x88
                    0x008a                  IFS3 = 0x8a
                    0x008a                  _IFS3 = 0x8a
                    0x008a                  _IFS3bits = 0x8a
                    0x008c                  IFS4 = 0x8c
                    0x008c                  _IFS4 = 0x8c
                    0x008c                  _IFS4bits = 0x8c
                    0x0094                  IEC0 = 0x94
                    0x0094                  _IEC0 = 0x94
                    0x0094                  _IEC0bits = 0x94
                    0x0096                  IEC1 = 0x96
                    0x0096                  _IEC1 = 0x96
                    0x0096                  _IEC1bits = 0x96
                    0x0098                  IEC2 = 0x98
                    0x0098                  _IEC2 = 0x98
                    0x0098                  _IEC2bits = 0x98
                    0x009a                  IEC3 = 0x9a
                    0x009a                  _IEC3 = 0x9a
                    0x009a                  _IEC3bits = 0x9a
                    0x009c                  IEC4 = 0x9c
                    0x009c                  _IEC4 = 0x9c
                    0x009c                  _IEC4bits = 0x9c
                    0x00a4                  IPC0 = 0xa4
                    0x00a4                  _IPC0 = 0xa4
                    0x00a4                  _IPC0bits = 0xa4
                    0x00a6                  IPC1 = 0xa6
                    0x00a6                  _IPC1 = 0xa6
                    0x00a6                  _IPC1bits = 0xa6
                    0x00a8                  IPC2 = 0xa8
                    0x00a8                  _IPC2 = 0xa8
                    0x00a8                  _IPC2bits = 0xa8
                    0x00aa                  IPC3 = 0xaa
                    0x00aa                  _IPC3 = 0xaa
                    0x00aa                  _IPC3bits = 0xaa
                    0x00ac                  IPC4 = 0xac
                    0x00ac                  _IPC4 = 0xac
                    0x00ac                  _IPC4bits = 0xac
                    0x00ae                  IPC5 = 0xae
                    0x00ae                  _IPC5 = 0xae
                    0x00ae                  _IPC5bits = 0xae
                    0x00b0                  IPC6 = 0xb0
                    0x00b0                  _IPC6 = 0xb0
                    0x00b0                  _IPC6bits = 0xb0
                    0x00b2                  IPC7 = 0xb2
                    0x00b2                  _IPC7 = 0xb2
                    0x00b2                  _IPC7bits = 0xb2
                    0x00b4                  IPC8 = 0xb4
                    0x00b4                  _IPC8 = 0xb4
                    0x00b4                  _IPC8bits = 0xb4
                    0x00b6                  IPC9 = 0xb6
                    0x00b6                  _IPC9 = 0xb6
                    0x00b6                  _IPC9bits = 0xb6
                    0x00b8                  IPC10 = 0xb8
                    0x00b8                  _IPC10 = 0xb8
                    0x00b8                  _IPC10bits = 0xb8
                    0x00ba                  IPC11 = 0xba
                    0x00ba                  _IPC11 = 0xba
                    0x00ba                  _IPC11bits = 0xba
                    0x00bc                  IPC12 = 0xbc
                    0x00bc                  _IPC12 = 0xbc
                    0x00bc                  _IPC12bits = 0xbc
                    0x00be                  IPC13 = 0xbe
                    0x00be                  _IPC13 = 0xbe
                    0x00be                  _IPC13bits = 0xbe
                    0x00c2                  IPC15 = 0xc2
                    0x00c2                  _IPC15 = 0xc2
                    0x00c2                  _IPC15bits = 0xc2
                    0x00c4                  IPC16 = 0xc4
                    0x00c4                  _IPC16 = 0xc4
                    0x00c4                  _IPC16bits = 0xc4
                    0x0100                  TMR1 = 0x100
                    0x0100                  _TMR1 = 0x100
                    0x0102                  PR1 = 0x102
                    0x0102                  _PR1 = 0x102
                    0x0104                  T1CON = 0x104
                    0x0104                  _T1CON = 0x104
                    0x0104                  _T1CONbits = 0x104
                    0x0106                  TMR2 = 0x106
                    0x0106                  _TMR2 = 0x106
                    0x0108                  TMR3HLD = 0x108
                    0x0108                  _TMR3HLD = 0x108
                    0x010a                  TMR3 = 0x10a
                    0x010a                  _TMR3 = 0x10a
                    0x010c                  PR2 = 0x10c
                    0x010c                  _PR2 = 0x10c
                    0x010e                  PR3 = 0x10e
                    0x010e                  _PR3 = 0x10e
                    0x0110                  T2CON = 0x110
                    0x0110                  _T2CON = 0x110
                    0x0110                  _T2CONbits = 0x110
                    0x0112                  T3CON = 0x112
                    0x0112                  _T3CON = 0x112
                    0x0112                  _T3CONbits = 0x112
                    0x0114                  TMR4 = 0x114
                    0x0114                  _TMR4 = 0x114
                    0x0116                  TMR5HLD = 0x116
                    0x0116                  _TMR5HLD = 0x116
                    0x0118                  TMR5 = 0x118
                    0x0118                  _TMR5 = 0x118
                    0x011a                  PR4 = 0x11a
                    0x011a                  _PR4 = 0x11a
                    0x011c                  PR5 = 0x11c
                    0x011c                  _PR5 = 0x11c
                    0x011e                  T4CON = 0x11e
                    0x011e                  _T4CON = 0x11e
                    0x011e                  _T4CONbits = 0x11e
                    0x0120                  T5CON = 0x120
                    0x0120                  _T5CON = 0x120
                    0x0120                  _T5CONbits = 0x120
                    0x0140                  IC1BUF = 0x140
                    0x0140                  _IC1BUF = 0x140
                    0x0142                  IC1CON = 0x142
                    0x0142                  _IC1CON = 0x142
                    0x0142                  _IC1CONbits = 0x142
                    0x0144                  IC2BUF = 0x144
                    0x0144                  _IC2BUF = 0x144
                    0x0146                  IC2CON = 0x146
                    0x0146                  _IC2CON = 0x146
                    0x0146                  _IC2CONbits = 0x146
                    0x0148                  IC3BUF = 0x148
                    0x0148                  _IC3BUF = 0x148
                    0x014a                  IC3CON = 0x14a
                    0x014a                  _IC3CON = 0x14a
                    0x014a                  _IC3CONbits = 0x14a
                    0x014c                  IC4BUF = 0x14c
                    0x014c                  _IC4BUF = 0x14c
                    0x014e                  IC4CON = 0x14e
                    0x014e                  _IC4CON = 0x14e
                    0x014e                  _IC4CONbits = 0x14e
                    0x0150                  IC5BUF = 0x150
                    0x0150                  _IC5BUF = 0x150
                    0x0152                  IC5CON = 0x152
                    0x0152                  _IC5CON = 0x152
                    0x0152                  _IC5CONbits = 0x152
                    0x0180                  OC1RS = 0x180
                    0x0180                  _OC1RS = 0x180
                    0x0182                  OC1R = 0x182
                    0x0182                  _OC1R = 0x182
                    0x0184                  OC1CON = 0x184
                    0x0184                  _OC1CON = 0x184
                    0x0184                  _OC1CONbits = 0x184
                    0x0186                  OC2RS = 0x186
                    0x0186                  _OC2RS = 0x186
                    0x0188                  OC2R = 0x188
                    0x0188                  _OC2R = 0x188
                    0x018a                  OC2CON = 0x18a
                    0x018a                  _OC2CON = 0x18a
                    0x018a                  _OC2CONbits = 0x18a
                    0x018c                  OC3RS = 0x18c
                    0x018c                  _OC3RS = 0x18c
                    0x018e                  OC3R = 0x18e
                    0x018e                  _OC3R = 0x18e
                    0x0190                  OC3CON = 0x190
                    0x0190                  _OC3CON = 0x190
                    0x0190                  _OC3CONbits = 0x190
                    0x0192                  OC4RS = 0x192
                    0x0192                  _OC4RS = 0x192
                    0x0194                  OC4R = 0x194
                    0x0194                  _OC4R = 0x194
                    0x0196                  OC4CON = 0x196
                    0x0196                  _OC4CON = 0x196
                    0x0196                  _OC4CONbits = 0x196
                    0x0198                  OC5RS = 0x198
                    0x0198                  _OC5RS = 0x198
                    0x019a                  OC5R = 0x19a
                    0x019a                  _OC5R = 0x19a
                    0x019c                  OC5CON = 0x19c
                    0x019c                  _OC5CON = 0x19c
                    0x019c                  _OC5CONbits = 0x19c
                    0x0200                  I2C1RCV = 0x200
                    0x0200                  _I2C1RCV = 0x200
                    0x0202                  I2C1TRN = 0x202
                    0x0202                  _I2C1TRN = 0x202
                    0x0204                  I2C1BRG = 0x204
                    0x0204                  _I2C1BRG = 0x204
                    0x0206                  I2C1CON = 0x206
                    0x0206                  _I2C1CON = 0x206
                    0x0206                  _I2C1CONbits = 0x206
                    0x0208                  I2C1STAT = 0x208
                    0x0208                  _I2C1STAT = 0x208
                    0x0208                  _I2C1STATbits = 0x208
                    0x020a                  I2C1ADD = 0x20a
                    0x020a                  _I2C1ADD = 0x20a
                    0x020c                  I2C1MSK = 0x20c
                    0x020c                  _I2C1MSK = 0x20c
                    0x0210                  I2C2RCV = 0x210
                    0x0210                  _I2C2RCV = 0x210
                    0x0212                  I2C2TRN = 0x212
                    0x0212                  _I2C2TRN = 0x212
                    0x0214                  I2C2BRG = 0x214
                    0x0214                  _I2C2BRG = 0x214
                    0x0216                  I2C2CON = 0x216
                    0x0216                  _I2C2CON = 0x216
                    0x0216                  _I2C2CONbits = 0x216
                    0x0218                  I2C2STAT = 0x218
                    0x0218                  _I2C2STAT = 0x218
                    0x0218                  _I2C2STATbits = 0x218
                    0x021a                  I2C2ADD = 0x21a
                    0x021a                  _I2C2ADD = 0x21a
                    0x021c                  I2C2MSK = 0x21c
                    0x021c                  _I2C2MSK = 0x21c
                    0x0220                  U1MODE = 0x220
                    0x0220                  _U1MODE = 0x220
                    0x0220                  _U1MODEbits = 0x220
                    0x0222                  U1STA = 0x222
                    0x0222                  _U1STA = 0x222
                    0x0222                  _U1STAbits = 0x222
                    0x0224                  U1TXREG = 0x224
                    0x0224                  _U1TXREG = 0x224
                    0x0226                  U1RXREG = 0x226
                    0x0226                  _U1RXREG = 0x226
                    0x0228                  U1BRG = 0x228
                    0x0228                  _U1BRG = 0x228
                    0x0230                  U2MODE = 0x230
                    0x0230                  _U2MODE = 0x230
                    0x0230                  _U2MODEbits = 0x230
                    0x0232                  U2STA = 0x232
                    0x0232                  _U2STA = 0x232
                    0x0232                  _U2STAbits = 0x232
                    0x0234                  U2TXREG = 0x234
                    0x0234                  _U2TXREG = 0x234
                    0x0236                  U2RXREG = 0x236
                    0x0236                  _U2RXREG = 0x236
                    0x0238                  U2BRG = 0x238
                    0x0238                  _U2BRG = 0x238
                    0x0240                  SPI1STAT = 0x240
                    0x0240                  _SPI1STAT = 0x240
                    0x0240                  _SPI1STATbits = 0x240
                    0x0242                  SPI1CON1 = 0x242
                    0x0242                  _SPI1CON1 = 0x242
                    0x0242                  _SPI1CON1bits = 0x242
                    0x0244                  SPI1CON2 = 0x244
                    0x0244                  _SPI1CON2 = 0x244
                    0x0244                  _SPI1CON2bits = 0x244
                    0x0248                  SPI1BUF = 0x248
                    0x0248                  _SPI1BUF = 0x248
                    0x0260                  SPI2STAT = 0x260
                    0x0260                  _SPI2STAT = 0x260
                    0x0260                  _SPI2STATbits = 0x260
                    0x0262                  SPI2CON1 = 0x262
                    0x0262                  _SPI2CON1 = 0x262
                    0x0262                  _SPI2CON1bits = 0x262
                    0x0264                  SPI2CON2 = 0x264
                    0x0264                  _SPI2CON2 = 0x264
                    0x0264                  _SPI2CON2bits = 0x264
                    0x0268                  SPI2BUF = 0x268
                    0x0268                  _SPI2BUF = 0x268
                    0x02c0                  TRISA = 0x2c0
                    0x02c0                  _TRISA = 0x2c0
                    0x02c0                  _TRISAbits = 0x2c0
                    0x02c2                  PORTA = 0x2c2
                    0x02c2                  _PORTA = 0x2c2
                    0x02c2                  _PORTAbits = 0x2c2
                    0x02c4                  LATA = 0x2c4
                    0x02c4                  _LATA = 0x2c4
                    0x02c4                  _LATAbits = 0x2c4
                    0x02c6                  TRISB = 0x2c6
                    0x02c6                  _TRISB = 0x2c6
                    0x02c6                  _TRISBbits = 0x2c6
                    0x02c8                  PORTB = 0x2c8
                    0x02c8                  _PORTB = 0x2c8
                    0x02c8                  _PORTBbits = 0x2c8
                    0x02ca                  LATB = 0x2ca
                    0x02ca                  _LATB = 0x2ca
                    0x02ca                  _LATBbits = 0x2ca
                    0x02cc                  TRISC = 0x2cc
                    0x02cc                  _TRISC = 0x2cc
                    0x02cc                  _TRISCbits = 0x2cc
                    0x02ce                  PORTC = 0x2ce
                    0x02ce                  _PORTC = 0x2ce
                    0x02ce                  _PORTCbits = 0x2ce
                    0x02d0                  LATC = 0x2d0
                    0x02d0                  _LATC = 0x2d0
                    0x02d0                  _LATCbits = 0x2d0
                    0x02d2                  TRISD = 0x2d2
                    0x02d2                  _TRISD = 0x2d2
                    0x02d2                  _TRISDbits = 0x2d2
                    0x02d4                  PORTD = 0x2d4
                    0x02d4                  _PORTD = 0x2d4
                    0x02d4                  _PORTDbits = 0x2d4
                    0x02d6                  LATD = 0x2d6
                    0x02d6                  _LATD = 0x2d6
                    0x02d6                  _LATDbits = 0x2d6
                    0x02d8                  TRISE = 0x2d8
                    0x02d8                  _TRISE = 0x2d8
                    0x02d8                  _TRISEbits = 0x2d8
                    0x02da                  PORTE = 0x2da
                    0x02da                  _PORTE = 0x2da
                    0x02da                  _PORTEbits = 0x2da
                    0x02dc                  LATE = 0x2dc
                    0x02dc                  _LATE = 0x2dc
                    0x02dc                  _LATEbits = 0x2dc
                    0x02de                  TRISF = 0x2de
                    0x02de                  _TRISF = 0x2de
                    0x02de                  _TRISFbits = 0x2de
                    0x02e0                  PORTF = 0x2e0
                    0x02e0                  _PORTF = 0x2e0
                    0x02e0                  _PORTFbits = 0x2e0
                    0x02e2                  LATF = 0x2e2
                    0x02e2                  _LATF = 0x2e2
                    0x02e2                  _LATFbits = 0x2e2
                    0x02e4                  TRISG = 0x2e4
                    0x02e4                  _TRISG = 0x2e4
                    0x02e4                  _TRISGbits = 0x2e4
                    0x02e6                  PORTG = 0x2e6
                    0x02e6                  _PORTG = 0x2e6
                    0x02e6                  _PORTGbits = 0x2e6
                    0x02e8                  LATG = 0x2e8
                    0x02e8                  _LATG = 0x2e8
                    0x02e8                  _LATGbits = 0x2e8
                    0x02fc                  PADCFG1 = 0x2fc
                    0x02fc                  _PADCFG1 = 0x2fc
                    0x02fc                  _PADCFG1bits = 0x2fc
                    0x0300                  ADC1BUF0 = 0x300
                    0x0300                  _ADC1BUF0 = 0x300
                    0x0302                  ADC1BUF1 = 0x302
                    0x0302                  _ADC1BUF1 = 0x302
                    0x0304                  ADC1BUF2 = 0x304
                    0x0304                  _ADC1BUF2 = 0x304
                    0x0306                  ADC1BUF3 = 0x306
                    0x0306                  _ADC1BUF3 = 0x306
                    0x0308                  ADC1BUF4 = 0x308
                    0x0308                  _ADC1BUF4 = 0x308
                    0x030a                  ADC1BUF5 = 0x30a
                    0x030a                  _ADC1BUF5 = 0x30a
                    0x030c                  ADC1BUF6 = 0x30c
                    0x030c                  _ADC1BUF6 = 0x30c
                    0x030e                  ADC1BUF7 = 0x30e
                    0x030e                  _ADC1BUF7 = 0x30e
                    0x0310                  ADC1BUF8 = 0x310
                    0x0310                  _ADC1BUF8 = 0x310
                    0x0312                  ADC1BUF9 = 0x312
                    0x0312                  _ADC1BUF9 = 0x312
                    0x0314                  ADC1BUFA = 0x314
                    0x0314                  _ADC1BUFA = 0x314
                    0x0316                  ADC1BUFB = 0x316
                    0x0316                  _ADC1BUFB = 0x316
                    0x0318                  ADC1BUFC = 0x318
                    0x0318                  _ADC1BUFC = 0x318
                    0x031a                  ADC1BUFD = 0x31a
                    0x031a                  _ADC1BUFD = 0x31a
                    0x031c                  ADC1BUFE = 0x31c
                    0x031c                  _ADC1BUFE = 0x31c
                    0x031e                  ADC1BUFF = 0x31e
                    0x031e                  _ADC1BUFF = 0x31e
                    0x0320                  AD1CON1 = 0x320
                    0x0320                  _AD1CON1 = 0x320
                    0x0320                  _AD1CON1bits = 0x320
                    0x0322                  AD1CON2 = 0x322
                    0x0322                  _AD1CON2 = 0x322
                    0x0322                  _AD1CON2bits = 0x322
                    0x0324                  AD1CON3 = 0x324
                    0x0324                  _AD1CON3 = 0x324
                    0x0324                  _AD1CON3bits = 0x324
                    0x0328                  AD1CHS = 0x328
                    0x0328                  _AD1CHS = 0x328
                    0x0328                  _AD1CHSbits = 0x328
                    0x032c                  AD1PCFG = 0x32c
                    0x032c                  _AD1PCFG = 0x32c
                    0x032c                  _AD1PCFGbits = 0x32c
                    0x0330                  AD1CSSL = 0x330
                    0x0330                  _AD1CSSL = 0x330
                    0x0330                  _AD1CSSLbits = 0x330
                    0x0600                  PMCON = 0x600
                    0x0600                  _PMCON = 0x600
                    0x0600                  _PMCONbits = 0x600
                    0x0602                  PMMODE = 0x602
                    0x0602                  _PMMODE = 0x602
                    0x0602                  _PMMODEbits = 0x602
                    0x0604                  PMADDR = 0x604
                    0x0604                  _PMADDR = 0x604
                    0x0604                  _PMADDRbits = 0x604
                    0x0604                  PMDOUT1 = 0x604
                    0x0604                  _PMDOUT1 = 0x604
                    0x0604                  _PMDOUT1bits = 0x604
                    0x0606                  PMDOUT2 = 0x606
                    0x0606                  _PMDOUT2 = 0x606
                    0x0608                  PMDIN1 = 0x608
                    0x0608                  _PMDIN1 = 0x608
                    0x060a                  PMDIN2 = 0x60a
                    0x060a                  _PMDIN2 = 0x60a
                    0x060c                  PMAEN = 0x60c
                    0x060c                  _PMAEN = 0x60c
                    0x060c                  _PMAENbits = 0x60c
                    0x060e                  PMSTAT = 0x60e
                    0x060e                  _PMSTAT = 0x60e
                    0x060e                  _PMSTATbits = 0x60e
                    0x0620                  ALRMVAL = 0x620
                    0x0620                  _ALRMVAL = 0x620
                    0x0622                  ALCFGRPT = 0x622
                    0x0622                  _ALCFGRPT = 0x622
                    0x0622                  _ALCFGRPTbits = 0x622
                    0x0624                  RTCVAL = 0x624
                    0x0624                  _RTCVAL = 0x624
                    0x0626                  RCFGCAL = 0x626
                    0x0626                  _RCFGCAL = 0x626
                    0x0626                  _RCFGCALbits = 0x626
                    0x0630                  CMCON = 0x630
                    0x0630                  _CMCON = 0x630
                    0x0630                  _CMCONbits = 0x630
                    0x0632                  CVRCON = 0x632
                    0x0632                  _CVRCON = 0x632
                    0x0632                  _CVRCONbits = 0x632
                    0x0640                  CRCCON = 0x640
                    0x0640                  _CRCCON = 0x640
                    0x0640                  _CRCCONbits = 0x640
                    0x0642                  CRCXOR = 0x642
                    0x0642                  _CRCXOR = 0x642
                    0x0642                  _CRCXORbits = 0x642
                    0x0644                  CRCDAT = 0x644
                    0x0644                  _CRCDAT = 0x644
                    0x0646                  CRCWDAT = 0x646
                    0x0646                  _CRCWDAT = 0x646
                    0x06c0                  ODCA = 0x6c0
                    0x06c0                  _ODCA = 0x6c0
                    0x06c0                  _ODCAbits = 0x6c0
                    0x06c6                  ODCB = 0x6c6
                    0x06c6                  _ODCB = 0x6c6
                    0x06c6                  _ODCBbits = 0x6c6
                    0x06cc                  ODCC = 0x6cc
                    0x06cc                  _ODCC = 0x6cc
                    0x06cc                  _ODCCbits = 0x6cc
                    0x06d2                  ODCD = 0x6d2
                    0x06d2                  _ODCD = 0x6d2
                    0x06d2                  _ODCDbits = 0x6d2
                    0x06d8                  ODCE = 0x6d8
                    0x06d8                  _ODCE = 0x6d8
                    0x06d8                  _ODCEbits = 0x6d8
                    0x06de                  ODCF = 0x6de
                    0x06de                  _ODCF = 0x6de
                    0x06de                  _ODCFbits = 0x6de
                    0x06e4                  ODCG = 0x6e4
                    0x06e4                  _ODCG = 0x6e4
                    0x06e4                  _ODCGbits = 0x6e4
                    0x0740                  RCON = 0x740
                    0x0740                  _RCON = 0x740
                    0x0740                  _RCONbits = 0x740
                    0x0742                  OSCCON = 0x742
                    0x0742                  _OSCCON = 0x742
                    0x0742                  _OSCCONbits = 0x742
                    0x0742                  OSCCONL = 0x742
                    0x0742                  _OSCCONL = 0x742
                    0x0743                  OSCCONH = 0x743
                    0x0743                  _OSCCONH = 0x743
                    0x0744                  CLKDIV = 0x744
                    0x0744                  _CLKDIV = 0x744
                    0x0744                  _CLKDIVbits = 0x744
                    0x0748                  OSCTUN = 0x748
                    0x0748                  _OSCTUN = 0x748
                    0x0748                  _OSCTUNbits = 0x748
                    0x0760                  NVMCON = 0x760
                    0x0760                  _NVMCON = 0x760
                    0x0760                  _NVMCONbits = 0x760
                    0x0766                  NVMKEY = 0x766
                    0x0766                  _NVMKEY = 0x766
                    0x0770                  PMD1 = 0x770
                    0x0770                  _PMD1 = 0x770
                    0x0770                  _PMD1bits = 0x770
                    0x0772                  PMD2 = 0x772
                    0x0772                  _PMD2 = 0x772
                    0x0772                  _PMD2bits = 0x772
                    0x0774                  PMD3 = 0x774
                    0x0774                  _PMD3 = 0x774
                    0x0774                  _PMD3bits = 0x774
                    0x0140                  IC1 = 0x140
                    0x0140                  _IC1 = 0x140
                    0x0144                  IC2 = 0x144
                    0x0144                  _IC2 = 0x144
                    0x0148                  IC3 = 0x148
                    0x0148                  _IC3 = 0x148
                    0x014c                  IC4 = 0x14c
                    0x014c                  _IC4 = 0x14c
                    0x0150                  IC5 = 0x150
                    0x0150                  _IC5 = 0x150
                    0x0180                  OC1 = 0x180
                    0x0180                  _OC1 = 0x180
                    0x0186                  OC2 = 0x186
                    0x0186                  _OC2 = 0x186
                    0x018c                  OC3 = 0x18c
                    0x018c                  _OC3 = 0x18c
                    0x0192                  OC4 = 0x192
                    0x0192                  _OC4 = 0x192
                    0x0198                  OC5 = 0x198
                    0x0198                  _OC5 = 0x198
                    0x0240                  SPI1 = 0x240
                    0x0240                  _SPI1 = 0x240
                    0x0260                  SPI2 = 0x260
                    0x0260                  _SPI2 = 0x260
                    0x0220                  UART1 = 0x220
                    0x0220                  _UART1 = 0x220
                    0x0230                  UART2 = 0x230
                    0x0230                  _UART2 = 0x230
                    0x0001                  __MPLAB_BUILD = 0x1
START GROUP
LOAD c:/program files/microchip/mplab c30/bin/bin/../../lib\libpic30-coff.a
LOAD c:/program files/microchip/mplab c30/bin/bin/../../lib\libm-coff.a
LOAD c:/program files/microchip/mplab c30/bin/bin/../../lib\libc-coff.a
END GROUP
OUTPUT(SP_FAS_8ZnExp.cof coff-pic30)
LOAD jump_table
LOAD data_init
LOAD default_isr

.nbss               0x0800        0x108
 .nbss              0x0800        0x108 Keypad.o
                    0x08ed                  AalNumKey

.ndata              0x0908        0x236
 .ndata             0x0908         0xea Menu.o
                    0x0908                  MainMenu_States
                    0x0910                  Main_Menu_Items
                    0x0918                  IsolateMenu_States
                    0x091c                  Isolate_Menu_Items
                    0x0920                  Model_Menu_Items
                    0x0924                  SettingMenu_States
                    0x092a                  Setting_Menu_Items
                    0x0930                  PswdLogoMenu_States
                    0x0934                  PswdLogo_Menu_Items
                    0x0938                  MenuArr
                    0x09c4                  ZoneChar
                    0x09c6                  TempBuf
                    0x09d0                  ZoneLocation
                    0x09e0                  LogoName
                    0x09f0                  FnState
                    0x09f1                  DgtCount
 .ndata             0x09f2         0xb4 ZoneProcess.o
                    0x09f2                  ZoneTable
 .ndata             0x0aa6         0x98 Lcd.o
                    0x0aa6                  arryofStr

.nbss               0x0b3e         0x72
 .nbss              0x0b3e         0x72 FaultCheck.o
                    0x0b44                  FaultArr
                    0x0bac                  FaultBits
                    0x0bae                  FlagBits

.ndata              0x0bb0         0x48
 .ndata             0x0bb0         0x48 HooterProcess.o
                    0x0bb0                  HooterTable

.nbss               0x0bf8         0x3e
 .nbss              0x0bf8         0x3e ZoneProcess.o
                    0x0c06                  ZoneArr

.ndata              0x0c36         0x5c
 .ndata             0x0c36         0x30 RTC.o
                    0x0c36                  _time_str
                    0x0c46                  _date_str
                    0x0c56                  DateTimeStr
 .ndata             0x0c66         0x2c Keypad.o
                    0x0c66                  RowArr
                    0x0c80                  charStart
                    0x0c81                  StringBuf

.nbss               0x0c92         0xb4
 .nbss              0x0c92         0x26 Menu.o
                    0x0cb6                  ZoneNo
                    0x0cb7                  i
 .nbss              0x0cb8         0x1e HooterProcess.o
                    0x0cd2                  HooterArr
 .nbss              0x0cd6         0x1a ProcessRelays.o
                    0x0cd6                  Relay
 .nbss              0x0cf0         0x14 SystemProcess.o
                    0x0cfe                  Event
                    0x0d00                  pDateTimeStr
                    0x0d02                  Keyarr
 .nbss              0x0d04         0x12 RTC.o
                    0x0d04                  _time
                    0x0d0c                  _time_chk
                    0x0d14                  _rtcc_flag
 .nbss              0x0d16         0x10 TaskRateCounter.o
 .nbss              0x0d26         0x10 Popup.o
                    0x0d2a                  Tmp
                    0x0d2e                  head
                    0x0d30                  temp
                    0x0d32                  p
                    0x0d34                  Popuplist
 .nbss              0x0d36         0x10 ProcessADC.o
                    0x0d36                  ZnADCValue

.ndata              0x0d46          0xc
 .ndata             0x0d46          0xc Popup.o
                    0x0d46                  PopupArray

.nbss               0x0d52         0x1e
 .nbss              0x0d52          0xa Buzzer.o
 .nbss              0x0d5c          0x8 timer.o
 .nbss              0x0d64          0x8 TaskList.o
 .nbss              0x0d6c          0x2 Led.o
 .nbss              0x0d6e          0x2 Lcd.o

.const              0x82b0        0x4a4 load address 0x0002b0  
 .const             0x82b0        0x42a Lcd.o
                    0x82b0                  str1
                    0x82b8                  str2
                    0x82c9                  str3
                    0x82d5                  str4
                    0x82e6                  str5
                    0x82f5                  str6
                    0x82ff                  str7
                    0x8307                  str8
                    0x830f                  str9
                    0x831e                  str10
                    0x832f                  str11
                    0x833e                  str12
                    0x834f                  str13
                    0x8358                  str14
                    0x8362                  str15
                    0x8370                  str16
                    0x837a                  str17
                    0x8384                  str18
                    0x838c                  str19
                    0x8394                  str20
                    0x83a2                  str21
                    0x83b0                  str22
                    0x83c0                  str23
                    0x83c5                  str24
                    0x83ca                  str25
                    0x83da                  str26
                    0x83ea                  str27
                    0x83f7                  str28
                    0x8404                  str29
                    0x840c                  str30
                    0x841e                  str31
                    0x842e                  str32
                    0x8440                  str33
                    0x8447                  str34
                    0x8453                  str35
                    0x8460                  str36
                    0x8470                  str37
                    0x8479                  str38
                    0x8488                  str39
                    0x8494                  str40
                    0x849e                  str41
                    0x84a9                  str42
                    0x84ae                  str43
                    0x84bf                  str44
                    0x84ca                  str45
                    0x84d7                  str46
                    0x84e3                  str47
                    0x84ec                  str48
                    0x84fd                  str49
                    0x850e                  str50
                    0x851f                  str51
                    0x8530                  str52
                    0x8541                  str53
                    0x8552                  str54
                    0x8563                  str55
                    0x8574                  str56
                    0x8585                  str57
                    0x8596                  str58
                    0x85a7                  str59
                    0x85b8                  str60
                    0x85c9                  str61
                    0x85da                  str62
                    0x85eb                  str63
                    0x85fc                  str64
                    0x860d                  str65
                    0x861e                  str66
                    0x862f                  str67
                    0x8640                  str68
                    0x8651                  str69
                    0x8662                  str70
                    0x8673                  str71
                    0x8684                  str72
                    0x8695                  str73
                    0x86a6                  str74
                    0x86b7                  str75
                    0x86c8                  str76
 .const             0x86da         0x5e Menu.o
                    0x86da                  lcdMenuFuncTable
 .const             0x8738         0x18 RTC.o
 .const             0x8750          0x4 SystemProcess.o

.text             0x000754       0x123a
 .text            0x000754       0x123a Menu.o
                  0x000754                  Init_Menu
                  0x00075e                  ProcessMenuState
                  0x000770                  PSWDExpiration
                  0x0007d2                  IsPSWDExpired
                  0x0007dc                  ClearPSWDExpired
                  0x0007e6                  Menu.o:_InitMenuFunc
                  0x00081c                  Menu.o:_PswdEnterFunc
                  0x000992                  Menu.o:_GeneralMenuFunc
                  0x000b46                  Menu.o:_IsolateZoneFunc
                  0x000d4c                  Menu.o:_IsolateHooterFunc
                  0x000ee6                  Menu.o:_DateTimeSetFunc
                  0x0011cc                  Menu.o:_LocationSetFunc
                  0x0014e6                  Menu.o:_ChangePasswordFunc
                  0x0016fe                  Menu.o:_ChangeLogoFunc
                  0x00195a                  Menu.o:_TestModeFunc
                  0x001960                  SWDelayms

.text             0x00198e        0xaf8
 .text            0x00198e        0xaf8 Keypad.o
                  0x00198e                  Keypad_Init
                  0x001a00                  Keypad_Task
                  0x002062                  GetKey
                  0x00208e                  KeyArr
                  0x002096                  ISKeyFlag
                  0x0020a0                  ClearKeyFlag
                  0x0020aa                  GetKeyChar
                  0x0020b4                  AlphaNumKeypad_Init
                  0x00211a                  AlphaNumEnable
                  0x002124                  AlphaNumDisable
                  0x002146                  IsAlphaNumEnable
                  0x002150                  AlphaNumKeypad

.text             0x002486        0x85a
 .text            0x002486        0x85a RTC.o
                  0x002486                  RTCCProcessEvents
                  0x002792                  RTCCInit
                  0x002a0c                  RTCCSet
                  0x002a52                  RTCCUnlock
                  0x002a68                  RTCCSetBinSec
                  0x002aaa                  RTCCSetBinMin
                  0x002aec                  RTCCSetBinHour
                  0x002b2e                  RTCCCalculateWeekDay
                  0x002bb4                  RTCCSetBinDay
                  0x002c4a                  RTCCSetBinMonth
                  0x002c8a                  RTCCSetBinYear

.text             0x002ce0        0x32c
 .text            0x002ce0        0x32c ZoneProcess.o
                  0x002ce0                  GetBattLevel
                  0x002cee                  ReadADCZone
                  0x002d2c                  SetZoneState_Task
                  0x002f6a                  IsFire
                  0x002fa6                  ZoneLocationDefaultSet

.text             0x00300c        0x2d6
 .text            0x00300c        0x2d6 ProcessRelays.o
                  0x00300c                  InitRelay
                  0x003024                  ProcessRelay_Task
                  0x003086                  RelayOn
                  0x0031b4                  RelayOff

.dinit            0x0032e2        0x27c
 .dinit           0x0032e2        0x27c data_init

.text             0x00355e        0x204
 .text            0x00355e        0x204 FaultCheck.o
                  0x00355e                  CheckSystemFaults
                  0x00356a                  SetFaultFlag
                  0x003592                  GetFaultFlag
                  0x0035c4                  CheckACFault
                  0x0035ec                  CheckZoneFault
                  0x0036d2                  CheckZoneIsolateFault
                  0x00370c                  CheckCommonFault
                  0x00372c                  GetFaultBits
                  0x003736                  GetFlagBits
                  0x003740                  IsFault

.text             0x003762        0x1ce
 .text            0x003762        0x1ce HooterProcess.o
                  0x003762                  ReadADCHooter
                  0x0037aa                  SetHooterState_Task
                  0x00391a                  SetNumOfHooter
                  0x003926                  GetNumOfHooter

.text             0x003930        0x1c6
 .text            0x003930        0x1c6 ProcessADC.o
                  0x003930                  ADCInit
                  0x00396c                  ADC_ReadPercentage
                  0x00398c                  ADC_Read10bit
                  0x0039c2                  ADC_ChannelEnable
                  0x003a62                  ADC_SetConfiguration

.text             0x003af6        0x1ae
 .text            0x003af6        0x1ae SystemProcess.o
                  0x003af6                  SystemInitialise
                  0x003b00                  SystemProcess_Task
                  0x003bf0                  SetSystemState
                  0x003bfc                  GsetSystemState
                  0x003c06                  ConvertADCVoltage

.text             0x003ca4        0x186
 .text            0x003ca4        0x186 Lcd.o
                  0x003cbc                  lcd_cmd
                  0x003cf8                  lcd_data
                  0x003d34                  LCD_PrintChar
                  0x003d40                  LCD_PrintText
                  0x003d78                  LCD_PrintString
                  0x003dd4                  LCDSetpos
                  0x003e00                  LCD_Clear
                  0x003e0a                  LCD_init

.text             0x003e2a        0x16c
 .text            0x003e2a        0x16c TaskRateCounter.o
                  0x003e2a                  TaskRateCount1ms
                  0x003e38                  TaskRateCount10ms
                  0x003e96                  TaskRateCount500ms
                  0x003ed0                  GetFlag_Task1ms
                  0x003eda                  GetFlag_Task10ms
                  0x003ee4                  GetFlag_Task20ms
                  0x003eee                  GetFlag_Task80ms
                  0x003ef8                  GetFlag_Task100ms
                  0x003f02                  GetFlag_Task200ms
                  0x003f0c                  GetFlag_Task500ms
                  0x003f16                  GetFlag_Task1s
                  0x003f20                  GetFlag_Task1min
                  0x003f2a                  SetFlag_Task1ms
                  0x003f36                  SetFlag_Task10ms
                  0x003f42                  SetFlag_Task20ms